This version of µWS is not compatible with your Node.js build:

Error: Cannot find module '../binaries/uws_linux_x64_137.node'
Require stack:
- /workspace/scratch/4e51147919db/research-restore/redemption-lab-v2/node_modules/ganache/node_modules/@trufflesuite/uws-js-unofficial/src/uws.js
- /workspace/scratch/4e51147919db/research-restore/redemption-lab-v2/node_modules/ganache/dist/node/core.js
- /workspace/scratch/4e51147919db/research-restore/redemption-lab-v2/run.cjs
Falling back to a NodeJS implementation; performance may be degraded.


PASS repeated amount 1 : B destination rejected; compensation restored exact state; A destination succeeded
PASS repeated amount 40000 : B destination rejected; compensation restored exact state; A destination succeeded
PASS repeated amount 100000 : B destination rejected; compensation restored exact state; A destination succeeded
PASS boundary zero recipient rejected before burn
PASS boundary zero amount rejected before burn
PASS boundary destination amount exceeds recipient lock
PASS boundary unapproved Sovereign sender
PASS boundary unauthorized return callback under official AccessManager
PASS boundary inactive destination token
PASS boundary revoked MESSAGE_EXECUTOR rejected
PASS boundary delayed MESSAGE_EXECUTOR must schedule
PASS boundary paused private token blocks callback
PASS compensation independently blocked by official AccessManager pause; restored after unpause
ALL PASS: 3 fresh fixtures / 3 exact-state failed-return compensations / 3 successful controls / 9 negative boundary executions / blocked-compensation recovery
